Release 14.7 - xst P.20131013 (lin64)
Copyright (c) 1995-2013 Xilinx, Inc.  All rights reserved.
--> 
Parameter TMPDIR set to xst/projnav.tmp


Total REAL time to Xst completion: 0.00 secs
Total CPU time to Xst completion: 0.05 secs
 
--> 
Parameter xsthdpdir set to xst


Total REAL time to Xst completion: 0.00 secs
Total CPU time to Xst completion: 0.05 secs
 
--> 
Reading design: vga.prj

TABLE OF CONTENTS
  1) Synthesis Options Summary
  2) HDL Compilation
  3) Design Hierarchy Analysis
  4) HDL Analysis
  5) HDL Synthesis
     5.1) HDL Synthesis Report
  6) Advanced HDL Synthesis
     6.1) Advanced HDL Synthesis Report
  7) Low Level Synthesis
  8) Partition Report
  9) Final Report
	9.1) Device utilization summary
	9.2) Partition Resource Summary
	9.3) TIMING REPORT


=========================================================================
*                      Synthesis Options Summary                        *
=========================================================================
---- Source Parameters
Input File Name                    : "vga.prj"
Input Format                       : mixed
Ignore Synthesis Constraint File   : NO

---- Target Parameters
Output File Name                   : "vga"
Output Format                      : NGC
Target Device                      : xc3s100e-4-vq100

---- Source Options
Top Module Name                    : vga
Automatic FSM Extraction           : YES
FSM Encoding Algorithm             : Auto
Safe Implementation                : No
FSM Style                          : LUT
RAM Extraction                     : Yes
RAM Style                          : Auto
ROM Extraction                     : Yes
Mux Style                          : Auto
Decoder Extraction                 : YES
Priority Encoder Extraction        : Yes
Shift Register Extraction          : YES
Logical Shifter Extraction         : YES
XOR Collapsing                     : YES
ROM Style                          : Auto
Mux Extraction                     : Yes
Resource Sharing                   : YES
Asynchronous To Synchronous        : NO
Multiplier Style                   : Auto
Automatic Register Balancing       : No

---- Target Options
Add IO Buffers                     : YES
Global Maximum Fanout              : 100000
Add Generic Clock Buffer(BUFG)     : 24
Register Duplication               : YES
Slice Packing                      : YES
Optimize Instantiated Primitives   : NO
Use Clock Enable                   : Yes
Use Synchronous Set                : Yes
Use Synchronous Reset              : Yes
Pack IO Registers into IOBs        : Auto
Equivalent register Removal        : YES

---- General Options
Optimization Goal                  : Speed
Optimization Effort                : 1
Keep Hierarchy                     : No
Netlist Hierarchy                  : As_Optimized
RTL Output                         : Yes
Global Optimization                : AllClockNets
Read Cores                         : YES
Write Timing Constraints           : NO
Cross Clock Analysis               : NO
Hierarchy Separator                : /
Bus Delimiter                      : <>
Case Specifier                     : Maintain
Slice Utilization Ratio            : 100
BRAM Utilization Ratio             : 100
Verilog 2001                       : YES
Auto BRAM Packing                  : NO
Slice Utilization Ratio Delta      : 5

=========================================================================


=========================================================================
*                          HDL Compilation                              *
=========================================================================
Compiling vhdl file "/home/alxndr/Develpoment/FPGA/vga_test/vga.vhd" in Library work.
Architecture behavioral of Entity vga is up to date.

=========================================================================
*                     Design Hierarchy Analysis                         *
=========================================================================
Analyzing hierarchy for entity <vga> in library <work> (architecture <behavioral>).


=========================================================================
*                            HDL Analysis                               *
=========================================================================
Analyzing Entity <vga> in library <work> (Architecture <behavioral>).
WARNING:Xst:819 - "/home/alxndr/Develpoment/FPGA/vga_test/vga.vhd" line 68: One or more signals are missing in the process sensitivity list. To enable synthesis of FPGA/CPLD hardware, XST will assume that all necessary signals are present in the sensitivity list. Please note that the result of the synthesis may differ from the initial design specification. The missing signals are:
   <hcounter>, <vcounter>
INFO:Xst:2679 - Register <hsync> in unit <vga> has a constant value of 1 during circuit operation. The register is replaced by logic.
Entity <vga> analyzed. Unit <vga> generated.


=========================================================================
*                           HDL Synthesis                               *
=========================================================================

Performing bidirectional port resolution...

Synthesizing Unit <vga>.
    Related source file is "/home/alxndr/Develpoment/FPGA/vga_test/vga.vhd".
WARNING:Xst:647 - Input <clock> is never used. This port will be preserved and left unconnected if it belongs to a top-level block or it belongs to a sub-block and the hierarchy of this sub-block is preserved.
WARNING:Xst:1780 - Signal <xloc> is never used or assigned. This unconnected signal will be trimmed during the optimization process.
WARNING:Xst:1780 - Signal <vloc> is never used or assigned. This unconnected signal will be trimmed during the optimization process.
WARNING:Xst:737 - Found 19-bit latch for signal <vcounter>. Latches may be generated from incomplete case or if statements. We do not recommend the use of latches in FPGA/CPLD designs, as they may lead to timing problems.
WARNING:Xst:737 - Found 1-bit latch for signal <vsync>. Latches may be generated from incomplete case or if statements. We do not recommend the use of latches in FPGA/CPLD designs, as they may lead to timing problems.
INFO:Xst:2371 - HDL ADVISOR - Logic functions respectively driving the data and gate enable inputs of this latch share common terms. This situation will potentially lead to setup/hold violations and, as a result, to simulation problems. This situation may come from an incomplete case statement (all selector values are not covered). You should carefully review if it was in your intentions to describe such a latch.
    Found 19-bit comparator less for signal <draw_enable$cmp_lt0000> created at line 89.
    Found 19-bit comparator less for signal <draw_enable$cmp_lt0001> created at line 92.
    Found 19-bit comparator less for signal <draw_enable$cmp_lt0002> created at line 96.
    Found 10-bit comparator less for signal <draw_enable$cmp_lt0003> created at line 70.
    Found 10-bit comparator less for signal <draw_enable$cmp_lt0004> created at line 73.
    Found 10-bit comparator less for signal <draw_enable$cmp_lt0005> created at line 77.
    Found 10-bit adder for signal <hcounter>.
    Found 19-bit comparator less for signal <vcounter$cmp_lt0000> created at line 99.
    Found 19-bit adder for signal <vcounter$share0000> created at line 89.
    Found 19-bit comparator greatequal for signal <vsync$cmp_ge0000> created at line 92.
    Found 10-bit comparator greatequal for signal <vsync$cmp_ge0001> created at line 73.
    Summary:
	inferred   2 Adder/Subtractor(s).
	inferred   9 Comparator(s).
Unit <vga> synthesized.

INFO:Xst:1767 - HDL ADVISOR - Resource sharing has identified that some arithmetic operations in this design can share the same physical resources for reduced device utilization. For improved clock frequency you may try to disable resource sharing.

=========================================================================
HDL Synthesis Report

Macro Statistics
# Adders/Subtractors                                   : 2
 10-bit adder                                          : 1
 19-bit adder                                          : 1
# Latches                                              : 2
 1-bit latch                                           : 1
 19-bit latch                                          : 1
# Comparators                                          : 9
 10-bit comparator greatequal                          : 1
 10-bit comparator less                                : 3
 19-bit comparator greatequal                          : 1
 19-bit comparator less                                : 4

=========================================================================

=========================================================================
*                       Advanced HDL Synthesis                          *
=========================================================================


=========================================================================
Advanced HDL Synthesis Report

Macro Statistics
# Adders/Subtractors                                   : 2
 10-bit adder                                          : 1
 19-bit adder                                          : 1
# Latches                                              : 2
 1-bit latch                                           : 1
 19-bit latch                                          : 1
# Comparators                                          : 9
 10-bit comparator greatequal                          : 1
 10-bit comparator less                                : 3
 19-bit comparator greatequal                          : 1
 19-bit comparator less                                : 4

=========================================================================

=========================================================================
*                         Low Level Synthesis                           *
=========================================================================
WARNING:Xst:2170 - Unit vga : the following signal(s) form a combinatorial loop: Madd_hcounter_lut<0>, hcounter<0>, draw_enable_cmp_eq0000, red.
WARNING:Xst:2170 - Unit vga : the following signal(s) form a combinatorial loop: hcounter<5>.
WARNING:Xst:2170 - Unit vga : the following signal(s) form a combinatorial loop: hcounter<1>.
WARNING:Xst:2170 - Unit vga : the following signal(s) form a combinatorial loop: hcounter<6>.
WARNING:Xst:2170 - Unit vga : the following signal(s) form a combinatorial loop: hcounter<4>.
WARNING:Xst:2170 - Unit vga : the following signal(s) form a combinatorial loop: hcounter<3>.
WARNING:Xst:2170 - Unit vga : the following signal(s) form a combinatorial loop: hcounter<9>.
WARNING:Xst:2170 - Unit vga : the following signal(s) form a combinatorial loop: hcounter<8>.
WARNING:Xst:2170 - Unit vga : the following signal(s) form a combinatorial loop: hcounter<2>.
WARNING:Xst:2170 - Unit vga : the following signal(s) form a combinatorial loop: hcounter<7>.

Optimizing unit <vga> ...

Mapping all equations...
Building and optimizing final netlist ...
Found area constraint ratio of 100 (+ 5) on block vga, actual ratio is 5.

Final Macro Processing ...

=========================================================================
Final Register Report

Found no macro
=========================================================================

=========================================================================
*                           Partition Report                            *
=========================================================================

Partition Implementation Status
-------------------------------

  No Partitions were found in this design.

-------------------------------

=========================================================================
*                            Final Report                               *
=========================================================================
Final Results
RTL Top Level Output File Name     : vga.ngr
Top Level Output File Name         : vga
Output Format                      : NGC
Optimization Goal                  : Speed
Keep Hierarchy                     : No

Design Statistics
# IOs                              : 6

Cell Usage :
# BELS                             : 166
#      GND                         : 1
#      INV                         : 5
#      LUT1                        : 32
#      LUT2                        : 31
#      LUT3                        : 4
#      LUT4                        : 10
#      LUT4_D                      : 1
#      MUXCY                       : 50
#      MUXF5                       : 2
#      VCC                         : 1
#      XORCY                       : 29
# FlipFlops/Latches                : 20
#      LD                          : 1
#      LD_1                        : 19
# IO Buffers                       : 5
#      OBUF                        : 5
=========================================================================

Device utilization summary:
---------------------------

Selected Device : 3s100evq100-4 

 Number of Slices:                       46  out of    960     4%  
 Number of Slice Flip Flops:             19  out of   1920     0%  
 Number of 4 input LUTs:                 83  out of   1920     4%  
 Number of IOs:                           6
 Number of bonded IOBs:                   5  out of     66     7%  
    IOB Flip Flops:                       1

---------------------------
Partition Resource Summary:
---------------------------

  No Partitions were found in this design.

---------------------------


=========================================================================
TIMING REPORT

NOTE: THESE TIMING NUMBERS ARE ONLY A SYNTHESIS ESTIMATE.
      FOR ACCURATE TIMING INFORMATION PLEASE REFER TO THE TRACE REPORT
      GENERATED AFTER PLACE-and-ROUTE.

Clock Information:
------------------
-------------------------------------+------------------------+-------+
Clock Signal                         | Clock buffer(FF name)  | Load  |
-------------------------------------+------------------------+-------+
vsync_not0001(vsync_not0001:O)       | NONE(*)(vsync)         | 1     |
vcounter_not0001(vcounter_not00011:O)| NONE(*)(vcounter_0)    | 19    |
-------------------------------------+------------------------+-------+
(*) These 2 clock signal(s) are generated by combinatorial logic,
and XST is not able to identify which are the primary clock signals.
Please use the CLOCK_SIGNAL constraint to specify the clock signal(s) generated by combinatorial logic.
INFO:Xst:2169 - HDL ADVISOR - Some clock signals were not automatically buffered by XST with BUFG/BUFR resources. Please use the buffer_type constraint in order to insert these buffers to the clock signals to help prevent skew problems.

Asynchronous Control Signals Information:
----------------------------------------
No asynchronous control signals found in this design

Timing Summary:
---------------
Speed Grade: -4

   Minimum period: 6.758ns (Maximum Frequency: 147.973MHz)
   Minimum input arrival time before clock: No path found
   Maximum output required time after clock: 8.643ns
   Maximum combinational path delay: No path found

Timing Detail:
--------------
All values displayed in nanoseconds (ns)

=========================================================================
Timing constraint: Default period analysis for Clock 'vcounter_not0001'
  Clock period: 6.758ns (frequency: 147.973MHz)
  Total number of paths / destination ports: 1102 / 19
-------------------------------------------------------------------------
Delay:               6.758ns (Levels of Logic = 10)
  Source:            vcounter_7 (LATCH)
  Destination:       vcounter_0 (LATCH)
  Source Clock:      vcounter_not0001 rising
  Destination Clock: vcounter_not0001 rising

  Data Path: vcounter_7 to vcounter_0
                                Gate     Net
    Cell:in->out      fanout   Delay   Delay  Logical Name (Net Name)
    ----------------------------------------  ------------
     LD_1:G->Q             4   0.676   0.762  vcounter_7 (vcounter_7)
     LUT2:I0->O            1   0.704   0.000  Mcompar_draw_enable_cmp_lt0000_lut<0> (Mcompar_draw_enable_cmp_lt0000_lut<0>)
     MUXCY:S->O            1   0.464   0.000  Mcompar_draw_enable_cmp_lt0000_cy<0>_0 (Mcompar_draw_enable_cmp_lt0000_cy<0>1)
     MUXCY:CI->O           1   0.059   0.000  Mcompar_draw_enable_cmp_lt0000_cy<1>_0 (Mcompar_draw_enable_cmp_lt0000_cy<1>1)
     MUXCY:CI->O           1   0.059   0.000  Mcompar_draw_enable_cmp_lt0000_cy<2>_0 (Mcompar_draw_enable_cmp_lt0000_cy<2>1)
     MUXCY:CI->O           1   0.059   0.000  Mcompar_draw_enable_cmp_lt0000_cy<3>_0 (Mcompar_draw_enable_cmp_lt0000_cy<3>1)
     MUXCY:CI->O           1   0.059   0.000  Mcompar_draw_enable_cmp_lt0000_cy<4>_0 (Mcompar_draw_enable_cmp_lt0000_cy<4>1)
     MUXCY:CI->O           1   0.059   0.000  Mcompar_draw_enable_cmp_lt0000_cy<5> (Mcompar_draw_enable_cmp_lt0000_cy<5>)
     MUXCY:CI->O           3   0.459   0.535  Mcompar_draw_enable_cmp_lt0000_cy<6> (Mcompar_draw_enable_cmp_lt0000_cy<6>)
     LUT4_D:I3->O         18   0.704   1.147  vcounter_mux0004<0>11 (N0)
     LUT2:I1->O            1   0.704   0.000  vcounter_mux0004<9>1 (vcounter_mux0004<9>)
     LD_1:D                    0.308          vcounter_9
    ----------------------------------------
    Total                      6.758ns (4.314ns logic, 2.444ns route)
                                       (63.8% logic, 36.2% route)

=========================================================================
Timing constraint: Default OFFSET OUT AFTER for Clock 'vsync_not0001'
  Total number of paths / destination ports: 1 / 1
-------------------------------------------------------------------------
Offset:              4.368ns (Levels of Logic = 1)
  Source:            vsync (LATCH)
  Destination:       vs (PAD)
  Source Clock:      vsync_not0001 falling

  Data Path: vsync to vs
                                Gate     Net
    Cell:in->out      fanout   Delay   Delay  Logical Name (Net Name)
    ----------------------------------------  ------------
     LD:G->Q               1   0.676   0.420  vsync (vsync)
     OBUF:I->O                 3.272          vs_OBUF (vs)
    ----------------------------------------
    Total                      4.368ns (3.948ns logic, 0.420ns route)
                                       (90.4% logic, 9.6% route)

=========================================================================
Timing constraint: Default OFFSET OUT AFTER for Clock 'vcounter_not0001'
  Total number of paths / destination ports: 37 / 1
-------------------------------------------------------------------------
Offset:              8.643ns (Levels of Logic = 11)
  Source:            vcounter_7 (LATCH)
  Destination:       red (PAD)
  Source Clock:      vcounter_not0001 rising

  Data Path: vcounter_7 to red
                                Gate     Net
    Cell:in->out      fanout   Delay   Delay  Logical Name (Net Name)
    ----------------------------------------  ------------
     LD_1:G->Q             4   0.676   0.762  vcounter_7 (vcounter_7)
     LUT2:I0->O            1   0.704   0.000  Mcompar_draw_enable_cmp_lt0000_lut<0> (Mcompar_draw_enable_cmp_lt0000_lut<0>)
     MUXCY:S->O            1   0.464   0.000  Mcompar_draw_enable_cmp_lt0000_cy<0>_0 (Mcompar_draw_enable_cmp_lt0000_cy<0>1)
     MUXCY:CI->O           1   0.059   0.000  Mcompar_draw_enable_cmp_lt0000_cy<1>_0 (Mcompar_draw_enable_cmp_lt0000_cy<1>1)
     MUXCY:CI->O           1   0.059   0.000  Mcompar_draw_enable_cmp_lt0000_cy<2>_0 (Mcompar_draw_enable_cmp_lt0000_cy<2>1)
     MUXCY:CI->O           1   0.059   0.000  Mcompar_draw_enable_cmp_lt0000_cy<3>_0 (Mcompar_draw_enable_cmp_lt0000_cy<3>1)
     MUXCY:CI->O           1   0.059   0.000  Mcompar_draw_enable_cmp_lt0000_cy<4>_0 (Mcompar_draw_enable_cmp_lt0000_cy<4>1)
     MUXCY:CI->O           1   0.059   0.000  Mcompar_draw_enable_cmp_lt0000_cy<5> (Mcompar_draw_enable_cmp_lt0000_cy<5>)
     MUXCY:CI->O           3   0.459   0.566  Mcompar_draw_enable_cmp_lt0000_cy<6> (Mcompar_draw_enable_cmp_lt0000_cy<6>)
     LUT3:I2->O            1   0.704   0.000  draw_enable931 (draw_enable93)
     MUXF5:I1->O           1   0.321   0.420  draw_enable93_f5 (red_OBUF)
     OBUF:I->O                 3.272          red_OBUF (red)
    ----------------------------------------
    Total                      8.643ns (6.895ns logic, 1.748ns route)
                                       (79.8% logic, 20.2% route)

=========================================================================


Total REAL time to Xst completion: 4.00 secs
Total CPU time to Xst completion: 4.17 secs
 
--> 


Total memory usage is 511608 kilobytes

Number of errors   :    0 (   0 filtered)
Number of warnings :   16 (   0 filtered)
Number of infos    :    4 (   0 filtered)

