EN vgadriver NULL /home/alxndr/Develpoment/FPGA/vga_test/vga.vhd sub00/vhpl02 1461458805
AR vgadriver behaviour1 /home/alxndr/Develpoment/FPGA/vga_test/vga.vhd sub00/vhpl03 1461458806
EN renderer NULL /home/alxndr/Develpoment/FPGA/vga_test/renderer.vhd sub00/vhpl04 1461458807
EN vgadrive NULL /home/alxndr/Develpoment/FPGA/vga_test/vga.vhd sub00/vhpl00 1461427217
AR vgadrive behaviour1 /home/alxndr/Develpoment/FPGA/vga_test/vga.vhd sub00/vhpl01 1461427218
