V3 11
FL /home/alxndr/Develpoment/FPGA/vga_test/renderer.vhd 2016/04/23.13:03:48 P.20131013
EN work/renderer 0 FL /home/alxndr/Develpoment/FPGA/vga_test/renderer.vhd \
      PB ieee/std_logic_1164 1381692176
AR work/renderer/Behavioral 0 \
      FL /home/alxndr/Develpoment/FPGA/vga_test/renderer.vhd EN work/renderer 0
FL /home/alxndr/Develpoment/FPGA/vga_test/top.vhd 2016/04/23.12:50:17 P.20131013
EN work/top 0 FL /home/alxndr/Develpoment/FPGA/vga_test/top.vhd \
      PB ieee/std_logic_1164 1381692176
AR work/top/Behavioral 0 \
      FL /home/alxndr/Develpoment/FPGA/vga_test/top.vhd EN work/top 0 CP VGAdriver \
      CP renderer
FL /home/alxndr/Develpoment/FPGA/vga_test/vga.vhd 2016/04/23.20:40:08 P.20131013
EN work/VGAdriver 1461458805 FL /home/alxndr/Develpoment/FPGA/vga_test/vga.vhd \
      PB ieee/NUMERIC_STD 1381692181 PB ieee/std_logic_1164 1381692176 \
      PB ieee/std_logic_arith 1381692177 PB ieee/STD_LOGIC_UNSIGNED 1381692179
AR work/VGAdriver/behaviour1 1461458806 \
      FL /home/alxndr/Develpoment/FPGA/vga_test/vga.vhd EN work/VGAdriver 1461458805
